[2026-09-10T18:56:06.837+0000] {local_task_job_runner.py:120} INFO - ::group::Pre task execution logs
[2026-09-10T18:56:06.859+0000] {taskinstance.py:2076} INFO - Dependencies all met for dep_context=non-requeueable deps ti=<TaskInstance: orders_agg.sql_03_insert manual__2026-09-10T18:56:02.263835+00:00 [queued]>
[2026-09-10T18:56:06.864+0000] {taskinstance.py:2076} INFO - Dependencies all met for dep_context=requeueable deps ti=<TaskInstance: orders_agg.sql_03_insert manual__2026-09-10T18:56:02.263835+00:00 [queued]>
[2026-09-10T18:56:06.865+0000] {taskinstance.py:2306} INFO - Starting attempt 1 of 2
[2026-09-10T18:56:06.877+0000] {taskinstance.py:2330} INFO - Executing <Task(SQLExecuteQueryOperator): sql_03_insert> on 2026-09-10 18:56:02.263835+00:00
[2026-09-10T18:56:06.883+0000] {warnings.py:112} WARNING - /home/***/.local/lib/python3.12/site-packages/***/task/task_runner/standard_task_runner.py:61: DeprecationWarning: This process (pid=93) is multi-threaded, use of fork() may lead to deadlocks in the child.
  pid = os.fork()

[2026-09-10T18:56:06.885+0000] {standard_task_runner.py:63} INFO - Started process 94 to run task
[2026-09-10T18:56:06.885+0000] {standard_task_runner.py:90} INFO - Running: ['***', 'tasks', 'run', 'orders_agg', 'sql_03_insert', 'manual__2026-09-10T18:56:02.263835+00:00', '--job-id', '36', '--raw', '--subdir', 'DAGS_FOLDER/gen_orders_agg.py', '--cfg-path', '/tmp/tmpfpn_yc2y']
[2026-09-10T18:56:06.886+0000] {standard_task_runner.py:91} INFO - Job 36: Subtask sql_03_insert
[2026-09-10T18:56:06.932+0000] {task_command.py:426} INFO - Running <TaskInstance: orders_agg.sql_03_insert manual__2026-09-10T18:56:02.263835+00:00 [running]> on host e689c14634bc
[2026-09-10T18:56:07.013+0000] {taskinstance.py:2648} INFO - Exporting env vars: AIRFLOW_CTX_DAG_OWNER='generator' AIRFLOW_CTX_DAG_ID='orders_agg' AIRFLOW_CTX_TASK_ID='sql_03_insert' AIRFLOW_CTX_EXECUTION_DATE='2026-09-10T18:56:02.263835+00:00' AIRFLOW_CTX_TRY_NUMBER='1' AIRFLOW_CTX_DAG_RUN_ID='manual__2026-09-10T18:56:02.263835+00:00'
[2026-09-10T18:56:07.014+0000] {taskinstance.py:430} INFO - ::endgroup::
[2026-09-10T18:56:07.030+0000] {sql.py:276} INFO - Executing: 
        INSERT INTO orders_daily (order_date, cnt, total_sum)
        SELECT CURRENT_DATE, COUNT(*), COALESCE(SUM(amount), 0)
        FROM orders
        WHERE created_at::date = CURRENT_DATE
        
[2026-09-10T18:56:07.040+0000] {base.py:84} INFO - Using connection ID 'pg_extra_conn' for task execution.
[2026-09-10T18:56:07.051+0000] {base.py:84} INFO - Using connection ID 'pg_extra_conn' for task execution.
[2026-09-10T18:56:07.056+0000] {sql.py:487} INFO - Running statement: 
        INSERT INTO orders_daily (order_date, cnt, total_sum)
        SELECT CURRENT_DATE, COUNT(*), COALESCE(SUM(amount), 0)
        FROM orders
        WHERE created_at::date = CURRENT_DATE
        , parameters: None
[2026-09-10T18:56:07.071+0000] {sql.py:496} INFO - Rows affected: 1
[2026-09-10T18:56:07.073+0000] {taskinstance.py:441} INFO - ::group::Post task execution logs
[2026-09-10T18:56:07.085+0000] {taskinstance.py:1206} INFO - Marking task as SUCCESS. dag_id=orders_agg, task_id=sql_03_insert, run_id=manual__2026-09-10T18:56:02.263835+00:00, execution_date=20260910T185602, start_date=20260910T185606, end_date=20260910T185607
[2026-09-10T18:56:07.139+0000] {local_task_job_runner.py:240} INFO - Task exited with return code 0
[2026-09-10T18:56:07.169+0000] {taskinstance.py:3503} INFO - 1 downstream tasks scheduled from follow-on schedule check
[2026-09-10T18:56:07.175+0000] {local_task_job_runner.py:222} INFO - ::endgroup::
