[2026-09-10T18:56:04.286+0000] {local_task_job_runner.py:120} INFO - ::group::Pre task execution logs
[2026-09-10T18:56:04.311+0000] {taskinstance.py:2076} INFO - Dependencies all met for dep_context=non-requeueable deps ti=<TaskInstance: orders_agg.sql_01_create manual__2026-09-10T18:56:02.263835+00:00 [queued]>
[2026-09-10T18:56:04.318+0000] {taskinstance.py:2076} INFO - Dependencies all met for dep_context=requeueable deps ti=<TaskInstance: orders_agg.sql_01_create manual__2026-09-10T18:56:02.263835+00:00 [queued]>
[2026-09-10T18:56:04.319+0000] {taskinstance.py:2306} INFO - Starting attempt 1 of 2
[2026-09-10T18:56:04.332+0000] {taskinstance.py:2330} INFO - Executing <Task(SQLExecuteQueryOperator): sql_01_create> on 2026-09-10 18:56:02.263835+00:00
[2026-09-10T18:56:04.340+0000] {warnings.py:112} WARNING - /home/***/.local/lib/python3.12/site-packages/***/task/task_runner/standard_task_runner.py:61: DeprecationWarning: This process (pid=80) is multi-threaded, use of fork() may lead to deadlocks in the child.
  pid = os.fork()

[2026-09-10T18:56:04.342+0000] {standard_task_runner.py:63} INFO - Started process 89 to run task
[2026-09-10T18:56:04.342+0000] {standard_task_runner.py:90} INFO - Running: ['***', 'tasks', 'run', 'orders_agg', 'sql_01_create', 'manual__2026-09-10T18:56:02.263835+00:00', '--job-id', '33', '--raw', '--subdir', 'DAGS_FOLDER/gen_orders_agg.py', '--cfg-path', '/tmp/tmpmmdid_m1']
[2026-09-10T18:56:04.343+0000] {standard_task_runner.py:91} INFO - Job 33: Subtask sql_01_create
[2026-09-10T18:56:04.387+0000] {task_command.py:426} INFO - Running <TaskInstance: orders_agg.sql_01_create manual__2026-09-10T18:56:02.263835+00:00 [running]> on host e689c14634bc
[2026-09-10T18:56:04.471+0000] {taskinstance.py:2648} INFO - Exporting env vars: AIRFLOW_CTX_DAG_OWNER='generator' AIRFLOW_CTX_DAG_ID='orders_agg' AIRFLOW_CTX_TASK_ID='sql_01_create' AIRFLOW_CTX_EXECUTION_DATE='2026-09-10T18:56:02.263835+00:00' AIRFLOW_CTX_TRY_NUMBER='1' AIRFLOW_CTX_DAG_RUN_ID='manual__2026-09-10T18:56:02.263835+00:00'
[2026-09-10T18:56:04.472+0000] {taskinstance.py:430} INFO - ::endgroup::
[2026-09-10T18:56:04.485+0000] {sql.py:276} INFO - Executing: 
        CREATE TABLE IF NOT EXISTS orders (
            id          serial PRIMARY KEY,
            amount      numeric(14,2),
            created_at  timestamp NOT NULL DEFAULT now()
        )
        
[2026-09-10T18:56:04.495+0000] {base.py:84} INFO - Using connection ID 'pg_extra_conn' for task execution.
[2026-09-10T18:56:04.504+0000] {base.py:84} INFO - Using connection ID 'pg_extra_conn' for task execution.
[2026-09-10T18:56:04.508+0000] {sql.py:487} INFO - Running statement: 
        CREATE TABLE IF NOT EXISTS orders (
            id          serial PRIMARY KEY,
            amount      numeric(14,2),
            created_at  timestamp NOT NULL DEFAULT now()
        )
        , parameters: None
[2026-09-10T18:56:04.510+0000] {taskinstance.py:441} INFO - ::group::Post task execution logs
[2026-09-10T18:56:04.520+0000] {taskinstance.py:1206} INFO - Marking task as SUCCESS. dag_id=orders_agg, task_id=sql_01_create, run_id=manual__2026-09-10T18:56:02.263835+00:00, execution_date=20260910T185602, start_date=20260910T185604, end_date=20260910T185604
[2026-09-10T18:56:04.557+0000] {local_task_job_runner.py:240} INFO - Task exited with return code 0
[2026-09-10T18:56:04.582+0000] {taskinstance.py:3503} INFO - 1 downstream tasks scheduled from follow-on schedule check
[2026-09-10T18:56:04.584+0000] {local_task_job_runner.py:222} INFO - ::endgroup::
