[2026-09-10T18:54:53.909+0000] {manager.py:470} INFO - Processing files using up to 2 processes at a time 
[2026-09-10T18:54:53.910+0000] {manager.py:471} INFO - Process each file at most once every 30 seconds
[2026-09-10T18:54:53.910+0000] {manager.py:472} INFO - Checking for new files in /opt/airflow/dags every 300 seconds
[2026-09-10T18:54:53.911+0000] {manager.py:737} INFO - Searching for files in /opt/airflow/dags
[2026-09-10T18:54:53.944+0000] {manager.py:740} INFO - There are 2 files in /opt/airflow/dags
[2026-09-10T18:54:54.078+0000] {manager.py:878} INFO - 
================================================================================
DAG File Processing Stats

File Path                              PID  Runtime      # DAGs    # Errors  Last Runtime    Last Run
-----------------------------------  -----  ---------  --------  ----------  --------------  ----------
/opt/airflow/dags/gen_my_etl.py         47  0.05s             0           0
/opt/airflow/dags/gen_orders_agg.py     46  0.06s             0           0
================================================================================
[2026-09-10T18:55:24.238+0000] {manager.py:878} INFO - 
================================================================================
DAG File Processing Stats

File Path                            PID    Runtime      # DAGs    # Errors  Last Runtime    Last Run
-----------------------------------  -----  ---------  --------  ----------  --------------  -------------------
/opt/airflow/dags/gen_orders_agg.py                           1           0  0.33s           2026-09-10T18:54:54
/opt/airflow/dags/gen_my_etl.py                               1           0  0.31s           2026-09-10T18:54:54
================================================================================
[2026-09-10T18:55:54.823+0000] {manager.py:878} INFO - 
================================================================================
DAG File Processing Stats

File Path                              PID  Runtime      # DAGs    # Errors  Last Runtime    Last Run
-----------------------------------  -----  ---------  --------  ----------  --------------  -------------------
/opt/airflow/dags/gen_my_etl.py         63  0.00s             1           0  0.13s           2026-09-10T18:55:24
/opt/airflow/dags/gen_orders_agg.py     62  0.02s             1           0  0.13s           2026-09-10T18:55:24
================================================================================
[2026-09-10T18:56:25.117+0000] {manager.py:878} INFO - 
================================================================================
DAG File Processing Stats

File Path                              PID  Runtime      # DAGs    # Errors  Last Runtime    Last Run
-----------------------------------  -----  ---------  --------  ----------  --------------  -------------------
/opt/airflow/dags/gen_orders_agg.py     78  0.02s             1           0  0.13s           2026-09-10T18:55:54
/opt/airflow/dags/gen_my_etl.py         79  0.00s             1           0  0.13s           2026-09-10T18:55:54
================================================================================
[2026-09-10T18:56:55.411+0000] {manager.py:878} INFO - 
================================================================================
DAG File Processing Stats

File Path                              PID  Runtime      # DAGs    # Errors  Last Runtime    Last Run
-----------------------------------  -----  ---------  --------  ----------  --------------  -------------------
/opt/airflow/dags/gen_my_etl.py         87  0.01s             1           0  0.14s           2026-09-10T18:56:25
/opt/airflow/dags/gen_orders_agg.py     86  0.02s             1           0  0.13s           2026-09-10T18:56:25
================================================================================
[2026-09-10T18:57:25.723+0000] {manager.py:878} INFO - 
================================================================================
DAG File Processing Stats

File Path                              PID  Runtime      # DAGs    # Errors  Last Runtime    Last Run
-----------------------------------  -----  ---------  --------  ----------  --------------  -------------------
/opt/airflow/dags/gen_my_etl.py         95  0.00s             1           0  0.13s           2026-09-10T18:56:55
/opt/airflow/dags/gen_orders_agg.py     94  0.02s             1           0  0.12s           2026-09-10T18:56:55
================================================================================
[2026-09-10T18:57:56.021+0000] {manager.py:878} INFO - 
================================================================================
DAG File Processing Stats

File Path                              PID  Runtime      # DAGs    # Errors  Last Runtime    Last Run
-----------------------------------  -----  ---------  --------  ----------  --------------  -------------------
/opt/airflow/dags/gen_my_etl.py        104  0.01s             1           0  0.14s           2026-09-10T18:57:25
/opt/airflow/dags/gen_orders_agg.py    103  0.02s             1           0  0.14s           2026-09-10T18:57:25
================================================================================
[2026-09-10T18:58:26.312+0000] {manager.py:878} INFO - 
================================================================================
DAG File Processing Stats

File Path                              PID  Runtime      # DAGs    # Errors  Last Runtime    Last Run
-----------------------------------  -----  ---------  --------  ----------  --------------  -------------------
/opt/airflow/dags/gen_my_etl.py        112  0.00s             1           0  0.14s           2026-09-10T18:57:56
/opt/airflow/dags/gen_orders_agg.py    111  0.02s             1           0  0.13s           2026-09-10T18:57:56
================================================================================
[2026-09-10T18:58:56.607+0000] {manager.py:878} INFO - 
================================================================================
DAG File Processing Stats

File Path                              PID  Runtime      # DAGs    # Errors  Last Runtime    Last Run
-----------------------------------  -----  ---------  --------  ----------  --------------  -------------------
/opt/airflow/dags/gen_my_etl.py        120  0.01s             1           0  0.13s           2026-09-10T18:58:26
/opt/airflow/dags/gen_orders_agg.py    119  0.02s             1           0  0.13s           2026-09-10T18:58:26
================================================================================
[2026-09-10T18:59:26.883+0000] {manager.py:878} INFO - 
================================================================================
DAG File Processing Stats

File Path                              PID  Runtime      # DAGs    # Errors  Last Runtime    Last Run
-----------------------------------  -----  ---------  --------  ----------  --------------  -------------------
/opt/airflow/dags/gen_my_etl.py        128  0.00s             1           0  0.13s           2026-09-10T18:58:56
/opt/airflow/dags/gen_orders_agg.py    127  0.02s             1           0  0.12s           2026-09-10T18:58:56
================================================================================
[2026-09-10T18:59:54.127+0000] {manager.py:737} INFO - Searching for files in /opt/airflow/dags
[2026-09-10T18:59:54.181+0000] {manager.py:740} INFO - There are 2 files in /opt/airflow/dags
[2026-09-10T18:59:57.244+0000] {manager.py:878} INFO - 
================================================================================
DAG File Processing Stats

File Path                              PID  Runtime      # DAGs    # Errors  Last Runtime    Last Run
-----------------------------------  -----  ---------  --------  ----------  --------------  -------------------
/opt/airflow/dags/gen_my_etl.py        136  0.01s             1           0  0.13s           2026-09-10T18:59:27
/opt/airflow/dags/gen_orders_agg.py    135  0.03s             1           0  0.13s           2026-09-10T18:59:26
================================================================================
[2026-09-10T19:00:27.611+0000] {manager.py:878} INFO - 
================================================================================
DAG File Processing Stats

File Path                              PID  Runtime      # DAGs    # Errors  Last Runtime    Last Run
-----------------------------------  -----  ---------  --------  ----------  --------------  -------------------
/opt/airflow/dags/gen_orders_agg.py    143  0.02s             1           0  0.22s           2026-09-10T18:59:57
/opt/airflow/dags/gen_my_etl.py        144  0.00s             1           0  0.21s           2026-09-10T18:59:57
================================================================================
[2026-09-10T19:00:57.898+0000] {manager.py:878} INFO - 
================================================================================
DAG File Processing Stats

File Path                              PID  Runtime      # DAGs    # Errors  Last Runtime    Last Run
-----------------------------------  -----  ---------  --------  ----------  --------------  -------------------
/opt/airflow/dags/gen_my_etl.py        152  0.00s             1           0  0.13s           2026-09-10T19:00:27
/opt/airflow/dags/gen_orders_agg.py    151  0.02s             1           0  0.13s           2026-09-10T19:00:27
================================================================================
[2026-09-10T19:01:28.187+0000] {manager.py:878} INFO - 
================================================================================
DAG File Processing Stats

File Path                              PID  Runtime      # DAGs    # Errors  Last Runtime    Last Run
-----------------------------------  -----  ---------  --------  ----------  --------------  -------------------
/opt/airflow/dags/gen_my_etl.py        160  0.01s             1           0  0.13s           2026-09-10T19:00:58
/opt/airflow/dags/gen_orders_agg.py    159  0.02s             1           0  0.12s           2026-09-10T19:00:58
================================================================================
[2026-09-10T19:01:58.484+0000] {manager.py:878} INFO - 
================================================================================
DAG File Processing Stats

File Path                              PID  Runtime      # DAGs    # Errors  Last Runtime    Last Run
-----------------------------------  -----  ---------  --------  ----------  --------------  -------------------
/opt/airflow/dags/gen_my_etl.py        168  0.01s             1           0  0.14s           2026-09-10T19:01:28
/opt/airflow/dags/gen_orders_agg.py    167  0.02s             1           0  0.13s           2026-09-10T19:01:28
================================================================================
[2026-09-10T19:02:28.778+0000] {manager.py:878} INFO - 
================================================================================
DAG File Processing Stats

File Path                              PID  Runtime      # DAGs    # Errors  Last Runtime    Last Run
-----------------------------------  -----  ---------  --------  ----------  --------------  -------------------
/opt/airflow/dags/gen_my_etl.py        182  0.00s             1           0  0.14s           2026-09-10T19:01:58
/opt/airflow/dags/gen_orders_agg.py    181  0.02s             1           0  0.14s           2026-09-10T19:01:58
================================================================================
[2026-09-10T19:02:59.064+0000] {manager.py:878} INFO - 
================================================================================
DAG File Processing Stats

File Path                              PID  Runtime      # DAGs    # Errors  Last Runtime    Last Run
-----------------------------------  -----  ---------  --------  ----------  --------------  -------------------
/opt/airflow/dags/gen_orders_agg.py    190  0.01s             1           0  0.13s           2026-09-10T19:02:28
/opt/airflow/dags/gen_my_etl.py        191  0.00s             1           0  0.13s           2026-09-10T19:02:28
================================================================================
[2026-09-10T19:03:29.346+0000] {manager.py:878} INFO - 
================================================================================
DAG File Processing Stats

File Path                              PID  Runtime      # DAGs    # Errors  Last Runtime    Last Run
-----------------------------------  -----  ---------  --------  ----------  --------------  -------------------
/opt/airflow/dags/gen_my_etl.py        199  0.00s             1           0  0.13s           2026-09-10T19:02:59
/opt/airflow/dags/gen_orders_agg.py    198  0.01s             1           0  0.13s           2026-09-10T19:02:59
================================================================================
[2026-09-10T19:03:59.658+0000] {manager.py:878} INFO - 
================================================================================
DAG File Processing Stats

File Path                              PID  Runtime      # DAGs    # Errors  Last Runtime    Last Run
-----------------------------------  -----  ---------  --------  ----------  --------------  -------------------
/opt/airflow/dags/gen_my_etl.py        207  0.01s             1           0  0.14s           2026-09-10T19:03:29
/opt/airflow/dags/gen_orders_agg.py    206  0.02s             1           0  0.13s           2026-09-10T19:03:29
================================================================================
[2026-09-10T19:04:29.958+0000] {manager.py:878} INFO - 
================================================================================
DAG File Processing Stats

File Path                              PID  Runtime      # DAGs    # Errors  Last Runtime    Last Run
-----------------------------------  -----  ---------  --------  ----------  --------------  -------------------
/opt/airflow/dags/gen_my_etl.py        215  0.00s             1           0  0.15s           2026-09-10T19:03:59
/opt/airflow/dags/gen_orders_agg.py    214  0.02s             1           0  0.14s           2026-09-10T19:03:59
================================================================================
[2026-09-10T19:04:54.191+0000] {manager.py:737} INFO - Searching for files in /opt/airflow/dags
[2026-09-10T19:04:54.238+0000] {manager.py:740} INFO - There are 2 files in /opt/airflow/dags
[2026-09-10T19:05:00.298+0000] {manager.py:878} INFO - 
================================================================================
DAG File Processing Stats

File Path                              PID  Runtime      # DAGs    # Errors  Last Runtime    Last Run
-----------------------------------  -----  ---------  --------  ----------  --------------  -------------------
/opt/airflow/dags/gen_my_etl.py        223  0.00s             1           0  0.13s           2026-09-10T19:04:30
/opt/airflow/dags/gen_orders_agg.py    222  0.02s             1           0  0.13s           2026-09-10T19:04:30
================================================================================
[2026-09-10T19:05:30.586+0000] {manager.py:878} INFO - 
================================================================================
DAG File Processing Stats

File Path                              PID  Runtime      # DAGs    # Errors  Last Runtime    Last Run
-----------------------------------  -----  ---------  --------  ----------  --------------  -------------------
/opt/airflow/dags/gen_my_etl.py        231  0.00s             1           0  0.13s           2026-09-10T19:05:00
/opt/airflow/dags/gen_orders_agg.py    230  0.02s             1           0  0.13s           2026-09-10T19:05:00
================================================================================
[2026-09-10T19:06:00.884+0000] {manager.py:878} INFO - 
================================================================================
DAG File Processing Stats

File Path                              PID  Runtime      # DAGs    # Errors  Last Runtime    Last Run
-----------------------------------  -----  ---------  --------  ----------  --------------  -------------------
/opt/airflow/dags/gen_my_etl.py        239  0.00s             1           0  0.13s           2026-09-10T19:05:30
/opt/airflow/dags/gen_orders_agg.py    238  0.02s             1           0  0.13s           2026-09-10T19:05:30
================================================================================
[2026-09-10T19:06:31.173+0000] {manager.py:878} INFO - 
================================================================================
DAG File Processing Stats

File Path                              PID  Runtime      # DAGs    # Errors  Last Runtime    Last Run
-----------------------------------  -----  ---------  --------  ----------  --------------  -------------------
/opt/airflow/dags/gen_orders_agg.py    246  0.02s             1           0  0.14s           2026-09-10T19:06:01
/opt/airflow/dags/gen_my_etl.py        247  0.00s             1           0  0.13s           2026-09-10T19:06:01
================================================================================
[2026-09-10T19:07:01.458+0000] {manager.py:878} INFO - 
================================================================================
DAG File Processing Stats

File Path                              PID  Runtime      # DAGs    # Errors  Last Runtime    Last Run
-----------------------------------  -----  ---------  --------  ----------  --------------  -------------------
/opt/airflow/dags/gen_my_etl.py        255  0.01s             1           0  0.13s           2026-09-10T19:06:31
/opt/airflow/dags/gen_orders_agg.py    254  0.02s             1           0  0.13s           2026-09-10T19:06:31
================================================================================
[2026-09-10T19:07:31.770+0000] {manager.py:878} INFO - 
================================================================================
DAG File Processing Stats

File Path                              PID  Runtime      # DAGs    # Errors  Last Runtime    Last Run
-----------------------------------  -----  ---------  --------  ----------  --------------  -------------------
/opt/airflow/dags/gen_my_etl.py        263  0.00s             1           0  0.15s           2026-09-10T19:07:01
/opt/airflow/dags/gen_orders_agg.py    262  0.02s             1           0  0.14s           2026-09-10T19:07:01
================================================================================
[2026-09-10T19:08:02.078+0000] {manager.py:878} INFO - 
================================================================================
DAG File Processing Stats

File Path                              PID  Runtime      # DAGs    # Errors  Last Runtime    Last Run
-----------------------------------  -----  ---------  --------  ----------  --------------  -------------------
/opt/airflow/dags/gen_orders_agg.py    270  0.02s             1           0  0.13s           2026-09-10T19:07:31
/opt/airflow/dags/gen_my_etl.py        271  0.01s             1           0  0.13s           2026-09-10T19:07:31
================================================================================
[2026-09-10T19:08:32.363+0000] {manager.py:878} INFO - 
================================================================================
DAG File Processing Stats

File Path                              PID  Runtime      # DAGs    # Errors  Last Runtime    Last Run
-----------------------------------  -----  ---------  --------  ----------  --------------  -------------------
/opt/airflow/dags/gen_my_etl.py        279  0.01s             1           0  0.13s           2026-09-10T19:08:02
/opt/airflow/dags/gen_orders_agg.py    278  0.02s             1           0  0.12s           2026-09-10T19:08:02
================================================================================
[2026-09-10T19:09:02.677+0000] {manager.py:878} INFO - 
================================================================================
DAG File Processing Stats

File Path                              PID  Runtime      # DAGs    # Errors  Last Runtime    Last Run
-----------------------------------  -----  ---------  --------  ----------  --------------  -------------------
/opt/airflow/dags/gen_my_etl.py        287  0.00s             1           0  0.16s           2026-09-10T19:08:32
/opt/airflow/dags/gen_orders_agg.py    286  0.02s             1           0  0.15s           2026-09-10T19:08:32
================================================================================
[2026-09-10T19:09:32.966+0000] {manager.py:878} INFO - 
================================================================================
DAG File Processing Stats

File Path                              PID  Runtime      # DAGs    # Errors  Last Runtime    Last Run
-----------------------------------  -----  ---------  --------  ----------  --------------  -------------------
/opt/airflow/dags/gen_my_etl.py        295  0.01s             1           0  0.13s           2026-09-10T19:09:02
/opt/airflow/dags/gen_orders_agg.py    294  0.02s             1           0  0.12s           2026-09-10T19:09:02
================================================================================
[2026-09-10T19:09:53.713+0000] {manager.py:452} INFO - Exiting gracefully upon receiving signal 15
