[2026-09-10T18:56:03.139+0000] {local_task_job_runner.py:120} INFO - ::group::Pre task execution logs
[2026-09-10T18:56:03.163+0000] {taskinstance.py:2076} INFO - Dependencies all met for dep_context=non-requeueable deps ti=<TaskInstance: my_etl.transform manual__2026-09-10T18:56:01.050784+00:00 [queued]>
[2026-09-10T18:56:03.170+0000] {taskinstance.py:2076} INFO - Dependencies all met for dep_context=requeueable deps ti=<TaskInstance: my_etl.transform manual__2026-09-10T18:56:01.050784+00:00 [queued]>
[2026-09-10T18:56:03.171+0000] {taskinstance.py:2306} INFO - Starting attempt 1 of 2
[2026-09-10T18:56:03.183+0000] {taskinstance.py:2330} INFO - Executing <Task(PythonOperator): transform> on 2026-09-10 18:56:01.050784+00:00
[2026-09-10T18:56:03.191+0000] {warnings.py:112} WARNING - /home/***/.local/lib/python3.12/site-packages/***/task/task_runner/standard_task_runner.py:61: DeprecationWarning: This process (pid=76) is multi-threaded, use of fork() may lead to deadlocks in the child.
  pid = os.fork()

[2026-09-10T18:56:03.192+0000] {standard_task_runner.py:90} INFO - Running: ['***', 'tasks', 'run', 'my_etl', 'transform', 'manual__2026-09-10T18:56:01.050784+00:00', '--job-id', '31', '--raw', '--subdir', 'DAGS_FOLDER/gen_my_etl.py', '--cfg-path', '/tmp/tmpizltr14n']
[2026-09-10T18:56:03.193+0000] {standard_task_runner.py:63} INFO - Started process 78 to run task
[2026-09-10T18:56:03.193+0000] {standard_task_runner.py:91} INFO - Job 31: Subtask transform
[2026-09-10T18:56:03.244+0000] {task_command.py:426} INFO - Running <TaskInstance: my_etl.transform manual__2026-09-10T18:56:01.050784+00:00 [running]> on host e689c14634bc
[2026-09-10T18:56:03.329+0000] {taskinstance.py:2648} INFO - Exporting env vars: AIRFLOW_CTX_DAG_OWNER='generator' AIRFLOW_CTX_DAG_ID='my_etl' AIRFLOW_CTX_TASK_ID='transform' AIRFLOW_CTX_EXECUTION_DATE='2026-09-10T18:56:01.050784+00:00' AIRFLOW_CTX_TRY_NUMBER='1' AIRFLOW_CTX_DAG_RUN_ID='manual__2026-09-10T18:56:01.050784+00:00'
[2026-09-10T18:56:03.331+0000] {taskinstance.py:430} INFO - ::endgroup::
[2026-09-10T18:56:03.345+0000] {my_etl.py:17} INFO - transform: начало преобразования
[2026-09-10T18:56:03.346+0000] {my_etl.py:21} INFO - transform: обработано 0 строк
[2026-09-10T18:56:03.346+0000] {python.py:237} INFO - Done. Returned value was: []
[2026-09-10T18:56:03.346+0000] {taskinstance.py:441} INFO - ::group::Post task execution logs
[2026-09-10T18:56:03.367+0000] {taskinstance.py:1206} INFO - Marking task as SUCCESS. dag_id=my_etl, task_id=transform, run_id=manual__2026-09-10T18:56:01.050784+00:00, execution_date=20260910T185601, start_date=20260910T185603, end_date=20260910T185603
[2026-09-10T18:56:03.408+0000] {local_task_job_runner.py:240} INFO - Task exited with return code 0
[2026-09-10T18:56:03.433+0000] {taskinstance.py:3503} INFO - 1 downstream tasks scheduled from follow-on schedule check
[2026-09-10T18:56:03.436+0000] {local_task_job_runner.py:222} INFO - ::endgroup::
