[2026-09-10T18:56:05.764+0000] {local_task_job_runner.py:120} INFO - ::group::Pre task execution logs
[2026-09-10T18:56:05.789+0000] {taskinstance.py:2076} INFO - Dependencies all met for dep_context=non-requeueable deps ti=<TaskInstance: orders_agg.sql_02_delete manual__2026-09-10T18:56:02.263835+00:00 [queued]>
[2026-09-10T18:56:05.797+0000] {taskinstance.py:2076} INFO - Dependencies all met for dep_context=requeueable deps ti=<TaskInstance: orders_agg.sql_02_delete manual__2026-09-10T18:56:02.263835+00:00 [queued]>
[2026-09-10T18:56:05.797+0000] {taskinstance.py:2306} INFO - Starting attempt 1 of 2
[2026-09-10T18:56:05.809+0000] {taskinstance.py:2330} INFO - Executing <Task(SQLExecuteQueryOperator): sql_02_delete> on 2026-09-10 18:56:02.263835+00:00
[2026-09-10T18:56:05.817+0000] {warnings.py:112} WARNING - /home/***/.local/lib/python3.12/site-packages/***/task/task_runner/standard_task_runner.py:61: DeprecationWarning: This process (pid=91) is multi-threaded, use of fork() may lead to deadlocks in the child.
  pid = os.fork()

[2026-09-10T18:56:05.819+0000] {standard_task_runner.py:63} INFO - Started process 92 to run task
[2026-09-10T18:56:05.818+0000] {standard_task_runner.py:90} INFO - Running: ['***', 'tasks', 'run', 'orders_agg', 'sql_02_delete', 'manual__2026-09-10T18:56:02.263835+00:00', '--job-id', '35', '--raw', '--subdir', 'DAGS_FOLDER/gen_orders_agg.py', '--cfg-path', '/tmp/tmpwa3vo3qt']
[2026-09-10T18:56:05.819+0000] {standard_task_runner.py:91} INFO - Job 35: Subtask sql_02_delete
[2026-09-10T18:56:05.873+0000] {task_command.py:426} INFO - Running <TaskInstance: orders_agg.sql_02_delete manual__2026-09-10T18:56:02.263835+00:00 [running]> on host e689c14634bc
[2026-09-10T18:56:05.957+0000] {taskinstance.py:2648} INFO - Exporting env vars: AIRFLOW_CTX_DAG_OWNER='generator' AIRFLOW_CTX_DAG_ID='orders_agg' AIRFLOW_CTX_TASK_ID='sql_02_delete' AIRFLOW_CTX_EXECUTION_DATE='2026-09-10T18:56:02.263835+00:00' AIRFLOW_CTX_TRY_NUMBER='1' AIRFLOW_CTX_DAG_RUN_ID='manual__2026-09-10T18:56:02.263835+00:00'
[2026-09-10T18:56:05.958+0000] {taskinstance.py:430} INFO - ::endgroup::
[2026-09-10T18:56:05.970+0000] {sql.py:276} INFO - Executing: 
        DELETE FROM orders_daily
        WHERE order_date = CURRENT_DATE
        
[2026-09-10T18:56:05.979+0000] {base.py:84} INFO - Using connection ID 'pg_extra_conn' for task execution.
[2026-09-10T18:56:05.989+0000] {base.py:84} INFO - Using connection ID 'pg_extra_conn' for task execution.
[2026-09-10T18:56:05.995+0000] {sql.py:487} INFO - Running statement: 
        DELETE FROM orders_daily
        WHERE order_date = CURRENT_DATE
        , parameters: None
[2026-09-10T18:56:06.004+0000] {sql.py:496} INFO - Rows affected: 1
[2026-09-10T18:56:06.006+0000] {taskinstance.py:441} INFO - ::group::Post task execution logs
[2026-09-10T18:56:06.015+0000] {taskinstance.py:1206} INFO - Marking task as SUCCESS. dag_id=orders_agg, task_id=sql_02_delete, run_id=manual__2026-09-10T18:56:02.263835+00:00, execution_date=20260910T185602, start_date=20260910T185605, end_date=20260910T185606
[2026-09-10T18:56:06.033+0000] {local_task_job_runner.py:240} INFO - Task exited with return code 0
[2026-09-10T18:56:06.057+0000] {taskinstance.py:3503} INFO - 1 downstream tasks scheduled from follow-on schedule check
[2026-09-10T18:56:06.059+0000] {local_task_job_runner.py:222} INFO - ::endgroup::
