[2026-09-10T18:56:04.295+0000] {local_task_job_runner.py:120} INFO - ::group::Pre task execution logs
[2026-09-10T18:56:04.318+0000] {taskinstance.py:2076} INFO - Dependencies all met for dep_context=non-requeueable deps ti=<TaskInstance: my_etl.load manual__2026-09-10T18:56:01.050784+00:00 [queued]>
[2026-09-10T18:56:04.327+0000] {taskinstance.py:2076} INFO - Dependencies all met for dep_context=requeueable deps ti=<TaskInstance: my_etl.load manual__2026-09-10T18:56:01.050784+00:00 [queued]>
[2026-09-10T18:56:04.327+0000] {taskinstance.py:2306} INFO - Starting attempt 1 of 2
[2026-09-10T18:56:04.340+0000] {taskinstance.py:2330} INFO - Executing <Task(PythonOperator): load> on 2026-09-10 18:56:01.050784+00:00
[2026-09-10T18:56:04.348+0000] {warnings.py:112} WARNING - /home/***/.local/lib/python3.12/site-packages/***/task/task_runner/standard_task_runner.py:61: DeprecationWarning: This process (pid=81) is multi-threaded, use of fork() may lead to deadlocks in the child.
  pid = os.fork()

[2026-09-10T18:56:04.350+0000] {standard_task_runner.py:63} INFO - Started process 90 to run task
[2026-09-10T18:56:04.350+0000] {standard_task_runner.py:90} INFO - Running: ['***', 'tasks', 'run', 'my_etl', 'load', 'manual__2026-09-10T18:56:01.050784+00:00', '--job-id', '34', '--raw', '--subdir', 'DAGS_FOLDER/gen_my_etl.py', '--cfg-path', '/tmp/tmpycyz1303']
[2026-09-10T18:56:04.351+0000] {standard_task_runner.py:91} INFO - Job 34: Subtask load
[2026-09-10T18:56:04.395+0000] {task_command.py:426} INFO - Running <TaskInstance: my_etl.load manual__2026-09-10T18:56:01.050784+00:00 [running]> on host e689c14634bc
[2026-09-10T18:56:04.476+0000] {taskinstance.py:2648} INFO - Exporting env vars: AIRFLOW_CTX_DAG_OWNER='generator' AIRFLOW_CTX_DAG_ID='my_etl' AIRFLOW_CTX_TASK_ID='load' AIRFLOW_CTX_EXECUTION_DATE='2026-09-10T18:56:01.050784+00:00' AIRFLOW_CTX_TRY_NUMBER='1' AIRFLOW_CTX_DAG_RUN_ID='manual__2026-09-10T18:56:01.050784+00:00'
[2026-09-10T18:56:04.478+0000] {taskinstance.py:430} INFO - ::endgroup::
[2026-09-10T18:56:04.492+0000] {my_etl.py:27} INFO - load: запись 0 строк
[2026-09-10T18:56:04.492+0000] {python.py:237} INFO - Done. Returned value was: None
[2026-09-10T18:56:04.494+0000] {taskinstance.py:441} INFO - ::group::Post task execution logs
[2026-09-10T18:56:04.503+0000] {taskinstance.py:1206} INFO - Marking task as SUCCESS. dag_id=my_etl, task_id=load, run_id=manual__2026-09-10T18:56:01.050784+00:00, execution_date=20260910T185601, start_date=20260910T185604, end_date=20260910T185604
[2026-09-10T18:56:04.524+0000] {local_task_job_runner.py:240} INFO - Task exited with return code 0
[2026-09-10T18:56:04.541+0000] {taskinstance.py:3503} INFO - 0 downstream tasks scheduled from follow-on schedule check
[2026-09-10T18:56:04.543+0000] {local_task_job_runner.py:222} INFO - ::endgroup::
